Sep 14 01:27:06.110 [INFO] Make sure you follow the BLOOM terms of use: https://bit.ly/bloom-license
Sep 14 01:27:08.168 [INFO] Connecting to a private swarm, initial peers: ['/ip4/127.0.0.1/tcp/46275/p2p/12D3KooWJDJf11YPWrFZAz2r6mAgWhHKwpkkRN9jSUPxtfTvadZB']
Sep 14 01:27:08.168 [INFO] Running a server on ['/ip4/127.0.0.1/tcp/46387/p2p/12D3KooWQHSEoeNEewrcSA8xD2gVdzDzQybfA1FTixCrZoFX3enA']
Sep 14 01:27:08.168 [INFO] Model weights are loaded in float32 format
Sep 14 01:27:08.169 [INFO] Attention cache for all blocks will consume up to 0.02 GiB
Sep 14 01:27:08.172 [INFO] Announced that blocks range(12, 24) are joining
Sep 14 01:27:08.301 [INFO] Loaded /mnt/c/Users/Encry/Documents/Projetos/Web/Network AI/.models/bloom-560m-ac2ae5fab2ce3f9f40dc79b5ca9f637430d24971 block 12
Sep 14 01:27:08.671 [INFO] Loaded /mnt/c/Users/Encry/Documents/Projetos/Web/Network AI/.models/bloom-560m-ac2ae5fab2ce3f9f40dc79b5ca9f637430d24971 block 13
Sep 14 01:27:08.807 [INFO] Loaded /mnt/c/Users/Encry/Documents/Projetos/Web/Network AI/.models/bloom-560m-ac2ae5fab2ce3f9f40dc79b5ca9f637430d24971 block 14
Sep 14 01:27:08.987 [INFO] Loaded /mnt/c/Users/Encry/Documents/Projetos/Web/Network AI/.models/bloom-560m-ac2ae5fab2ce3f9f40dc79b5ca9f637430d24971 block 15
Sep 14 01:27:09.127 [INFO] Loaded /mnt/c/Users/Encry/Documents/Projetos/Web/Network AI/.models/bloom-560m-ac2ae5fab2ce3f9f40dc79b5ca9f637430d24971 block 16
Sep 14 01:27:09.277 [INFO] Loaded /mnt/c/Users/Encry/Documents/Projetos/Web/Network AI/.models/bloom-560m-ac2ae5fab2ce3f9f40dc79b5ca9f637430d24971 block 17
Sep 14 01:27:09.414 [INFO] Loaded /mnt/c/Users/Encry/Documents/Projetos/Web/Network AI/.models/bloom-560m-ac2ae5fab2ce3f9f40dc79b5ca9f637430d24971 block 18
Sep 14 01:27:09.547 [INFO] Loaded /mnt/c/Users/Encry/Documents/Projetos/Web/Network AI/.models/bloom-560m-ac2ae5fab2ce3f9f40dc79b5ca9f637430d24971 block 19
Sep 14 01:27:09.721 [INFO] Loaded /mnt/c/Users/Encry/Documents/Projetos/Web/Network AI/.models/bloom-560m-ac2ae5fab2ce3f9f40dc79b5ca9f637430d24971 block 20
Sep 14 01:27:09.821 [INFO] Loaded /mnt/c/Users/Encry/Documents/Projetos/Web/Network AI/.models/bloom-560m-ac2ae5fab2ce3f9f40dc79b5ca9f637430d24971 block 21
Sep 14 01:27:09.930 [INFO] Loaded /mnt/c/Users/Encry/Documents/Projetos/Web/Network AI/.models/bloom-560m-ac2ae5fab2ce3f9f40dc79b5ca9f637430d24971 block 22
Sep 14 01:27:10.044 [INFO] Loaded /mnt/c/Users/Encry/Documents/Projetos/Web/Network AI/.models/bloom-560m-ac2ae5fab2ce3f9f40dc79b5ca9f637430d24971 block 23
/root/.local/share/network-ai/f0-petals-py310/lib/python3.10/site-packages/bitsandbytes/libbitsandbytes_cpu.so: undefined symbol: cadam32bit_grad_fp32
Sep 14 01:27:10.095 [INFO] Started
Sep 14 01:27:20.090 [INFO] Announced that blocks ['network-ai-f0-4c227539647f468f9431be8977ddeae9.12', 'network-ai-f0-4c227539647f468f9431be8977ddeae9.13', 'network-ai-f0-4c227539647f468f9431be8977ddeae9.14', 'network-ai-f0-4c227539647f468f9431be8977ddeae9.15', 'network-ai-f0-4c227539647f468f9431be8977ddeae9.16', 'network-ai-f0-4c227539647f468f9431be8977ddeae9.17', 'network-ai-f0-4c227539647f468f9431be8977ddeae9.18', 'network-ai-f0-4c227539647f468f9431be8977ddeae9.19', 'network-ai-f0-4c227539647f468f9431be8977ddeae9.20', 'network-ai-f0-4c227539647f468f9431be8977ddeae9.21', 'network-ai-f0-4c227539647f468f9431be8977ddeae9.22', 'network-ai-f0-4c227539647f468f9431be8977ddeae9.23'] are offline
Sep 14 01:27:20.100 [INFO] Shutting down
Sep 14 01:27:20.102 [INFO] Module container shut down successfully
